Reading netlist file: "/home/void-dreamers/fpga/fft/impl/gwsynthesis/fft.vg"
Parsing netlist file "/home/void-dreamers/fpga/fft/impl/gwsynthesis/fft.vg" completed
Processing netlist completed
Reading constraint file: "/home/void-dreamers/fpga/fft/src/fft.cst"
Physical Constraint parsed completed
Running placement......
[10%] Placement Phase 0 completed
[20%] Placement Phase 1 completed
[30%] Placement Phase 2 completed
[50%] Placement Phase 3 completed
Running routing......
[60%] Routing Phase 0 completed
[70%] Routing Phase 1 completed
[80%] Routing Phase 2 completed
[90%] Routing Phase 3 completed
Running timing analysis......
[95%] Timing analysis completed
Placement and routing completed
Bitstream generation in progress......
Bitstream generation completed
Running power analysis......
[100%] Power analysis completed
Generate file "/home/void-dreamers/fpga/fft/impl/pnr/fft.power.html" completed
Generate file "/home/void-dreamers/fpga/fft/impl/pnr/fft.pin.html" completed
Generate file "/home/void-dreamers/fpga/fft/impl/pnr/fft.rpt.html" completed
Generate file "/home/void-dreamers/fpga/fft/impl/pnr/fft.rpt.txt" completed
Generate file "/home/void-dreamers/fpga/fft/impl/pnr/fft.tr.html" completed
Fri Jul 24 09:53:04 2026

